exports[`test Default 1`] = `
<div
  className="i">
  Lorem ipsum
</div>
`;
