exports[`test default 1`] = `
<img
  alt="egghead.io logo"
  src="logo.svg" />
`;
