exports[`test types 1`] = `
<div
  className="pa3 br2 bg-light-blue">
  String
</div>
`;

exports[`test types 2`] = `
<div
  className="pa3 br2 bg-light-red">
  String
</div>
`;
