exports[`test Default 1`] = `
<img
  alt="egghead.io logo"
  src="test-file-stub" />
`;
