exports[`test default 1`] = `
<main
  className="pa4 mw8 center">
  <div>
    Component
  </div>
</main>
`;
